
> hepsiburada-bot-system@0.1.0 build
> next build

   Ôû▓ Next.js 16.0.10 (Turbopack)
   - Environments: .env

 ÔÜá The "middleware" file convention is deprecated. Please use "proxy" instead. Learn more: https://nextjs.org/docs/messages/middleware-to-proxy
   Creating an optimized production build ...
Error: Cannot apply unknown utility class `border-border`. Are you using CSS modules or similar and missing `@reference`? https://tailwindcss.com/docs/functions-and-directives#reference-directive
    [at onInvalidCandidate (C:\Users\bayca\.gemini\antigravity\scratch\hepsiburada-bot-system\node_modules\tailwindcss\dist\lib.js:21:1314)]
    [at Te (C:\Users\bayca\.gemini\antigravity\scratch\hepsiburada-bot-system\node_modules\tailwindcss\dist\lib.js:16:36652)]
    [at C:\Users\bayca\.gemini\antigravity\scratch\hepsiburada-bot-system\node_modules\tailwindcss\dist\lib.js:21:355]
    [at Rr (C:\Users\bayca\.gemini\antigravity\scratch\hepsiburada-bot-system\node_modules\tailwindcss\dist\lib.js:3:1718)]
    [at _ (C:\Users\bayca\.gemini\antigravity\scratch\hepsiburada-bot-system\node_modules\tailwindcss\dist\lib.js:3:1377)]
    [at $e (C:\Users\bayca\.gemini\antigravity\scratch\hepsiburada-bot-system\node_modules\tailwindcss\dist\lib.js:21:172)]
    [at un (C:\Users\bayca\.gemini\antigravity\scratch\hepsiburada-bot-system\node_modules\tailwindcss\dist\lib.js:38:294)]
    [at process.processTicksAndRejections (node:internal/process/task_queues:103:5)]
    [at async cn (C:\Users\bayca\.gemini\antigravity\scratch\hepsiburada-bot-system\node_modules\tailwindcss\dist\lib.js:38:631)]
    [at async Xr (C:\Users\bayca\.gemini\antigravity\scratch\hepsiburada-bot-system\node_modules\@tailwindcss\node\dist\index.js:10:3417)]

> Build error occurred
Error: Turbopack build failed with 1 errors:
./app/globals.css
Error evaluating Node.js code
CssSyntaxError: tailwindcss: C:\Users\bayca\.gemini\antigravity\scratch\hepsiburada-bot-system\app\globals.css:1:1: Cannot apply unknown utility class `border-border`. Are you using CSS modules or similar and missing `@reference`? https://tailwindcss.com/docs/functions-and-directives#reference-directive
    at Input.error (node_modules/postcss/lib/input.js:135:16) [C:\Users\bayca\.gemini\antigravity\scratch\hepsiburada-bot-system\.next\build\chunks\node_modules_fe693df6._.js:4651:22]
    at Root.error (node_modules/postcss/lib/node.js:146:32) [C:\Users\bayca\.gemini\antigravity\scratch\hepsiburada-bot-system\.next\build\chunks\node_modules_fe693df6._.js:928:38]
    [at Object.Once (C:\Users\bayca\.gemini\antigravity\scratch\hepsiburada-bot-system\node_modules\@tailwindcss\postcss\dist\index.js:10:6911)]
    [at process.processTicksAndRejections (node:internal/process/task_queues:103:5)]
    at async LazyResult.runAsync (node_modules/postcss/lib/lazy-result.js:293:11) [C:\Users\bayca\.gemini\antigravity\scratch\hepsiburada-bot-system\.next\build\chunks\node_modules_fe693df6._.js:6206:21]
    at async transform (turbopack:///[turbopack-node]/transforms/postcss.ts:70:34) [C:\Users\bayca\.gemini\antigravity\scratch\hepsiburada-bot-system\.next\build\chunks\[root-of-the-server]__51225daf._.js:146:36]
    at async run (turbopack:///[turbopack-node]/ipc/evaluate.ts:92:23) [C:\Users\bayca\.gemini\antigravity\scratch\hepsiburada-bot-system\.next\build\chunks\[root-of-the-server]__974941ed._.js:443:31]

Import trace:
  Client Component Browser:
    ./app/globals.css [Client Component Browser]
    ./app/layout.tsx [Server Component]


    at async transform (turbopack:///[turbopack-node]/transforms/postcss.ts:70:34) [C:\Users\bayca\.gemini\antigravity\scratch\hepsiburada-bot-system\.next\build\chunks\[root-of-the-server]__51225daf._.js:146:36])
    at async run (turbopack:///[turbopack-node]/ipc/evaluate.ts:92:23) [C:\Users\bayca\.gemini\antigravity\scratch\hepsiburada-bot-system\.next\build\chunks\[root-of-the-server]__974941ed._.js:443:31])
